// Vitest Snapshot v1, https://vitest.dev/guide/snapshot.html

exports[`AboutProjectLayout component > should renders correctly AboutProjectLayout component 1`] = `
{
  "asFragment": [Function],
  "baseElement": <body>
    <div>
      <div
        class="MuiGrid-root MuiGrid-container MuiGrid-spacing-xs-5 css-bv4zbf-MuiGrid-root"
      >
        <div
          class="MuiGrid-root MuiGrid-item MuiGrid-zeroMinWidth MuiGrid-grid-xs-12 MuiGrid-grid-md-6 css-1y9vqab-MuiGrid-root"
        >
          <h3
            class="MuiTypography-root MuiTypography-h4 MuiTypography-alignLeft css-1d7vezj-MuiTypography-root"
          >
            title
          </h3>
          <p
            class="MuiTypography-root MuiTypography-body1 MuiTypography-alignLeft MuiTypography-paragraph css-o9hzk3-MuiTypography-root"
          >
            description
          </p>
        </div>
        <div
          class="MuiGrid-root MuiGrid-item MuiGrid-zeroMinWidth MuiGrid-grid-xs-12 MuiGrid-grid-md-6 css-18ca2hh-MuiGrid-root"
        >
          <img
            alt="Section image title"
            class="MuiCardMedia-root MuiCardMedia-media MuiCardMedia-img css-ol6qqc-MuiCardMedia-root"
            loading="lazy"
            src="image"
          />
        </div>
      </div>
    </div>
  </body>,
  "container": <div>
    <div
      class="MuiGrid-root MuiGrid-container MuiGrid-spacing-xs-5 css-bv4zbf-MuiGrid-root"
    >
      <div
        class="MuiGrid-root MuiGrid-item MuiGrid-zeroMinWidth MuiGrid-grid-xs-12 MuiGrid-grid-md-6 css-1y9vqab-MuiGrid-root"
      >
        <h3
          class="MuiTypography-root MuiTypography-h4 MuiTypography-alignLeft css-1d7vezj-MuiTypography-root"
        >
          title
        </h3>
        <p
          class="MuiTypography-root MuiTypography-body1 MuiTypography-alignLeft MuiTypography-paragraph css-o9hzk3-MuiTypography-root"
        >
          description
        </p>
      </div>
      <div
        class="MuiGrid-root MuiGrid-item MuiGrid-zeroMinWidth MuiGrid-grid-xs-12 MuiGrid-grid-md-6 css-18ca2hh-MuiGrid-root"
      >
        <img
          alt="Section image title"
          class="MuiCardMedia-root MuiCardMedia-media MuiCardMedia-img css-ol6qqc-MuiCardMedia-root"
          loading="lazy"
          src="image"
        />
      </div>
    </div>
  </div>,
  "debug": [Function],
  "findAllByAltText": [Function],
  "findAllByDisplayValue": [Function],
  "findAllByLabelText": [Function],
  "findAllByPlaceholderText": [Function],
  "findAllByRole": [Function],
  "findAllByTestId": [Function],
  "findAllByText": [Function],
  "findAllByTitle": [Function],
  "findByAltText": [Function],
  "findByDisplayValue": [Function],
  "findByLabelText": [Function],
  "findByPlaceholderText": [Function],
  "findByRole": [Function],
  "findByTestId": [Function],
  "findByText": [Function],
  "findByTitle": [Function],
  "getAllByAltText": [Function],
  "getAllByDisplayValue": [Function],
  "getAllByLabelText": [Function],
  "getAllByPlaceholderText": [Function],
  "getAllByRole": [Function],
  "getAllByTestId": [Function],
  "getAllByText": [Function],
  "getAllByTitle": [Function],
  "getByAltText": [Function],
  "getByDisplayValue": [Function],
  "getByLabelText": [Function],
  "getByPlaceholderText": [Function],
  "getByRole": [Function],
  "getByTestId": [Function],
  "getByText": [Function],
  "getByTitle": [Function],
  "queryAllByAltText": [Function],
  "queryAllByDisplayValue": [Function],
  "queryAllByLabelText": [Function],
  "queryAllByPlaceholderText": [Function],
  "queryAllByRole": [Function],
  "queryAllByTestId": [Function],
  "queryAllByText": [Function],
  "queryAllByTitle": [Function],
  "queryByAltText": [Function],
  "queryByDisplayValue": [Function],
  "queryByLabelText": [Function],
  "queryByPlaceholderText": [Function],
  "queryByRole": [Function],
  "queryByTestId": [Function],
  "queryByText": [Function],
  "queryByTitle": [Function],
  "rerender": [Function],
  "store": {
    "@@observable": [Function],
    "dispatch": [Function],
    "getState": [Function],
    "replaceReducer": [Function],
    "subscribe": [Function],
  },
  "unmount": [Function],
}
`;
